******************************************************************************
             TMS320C2000 Linker PC v16.9.1                     
******************************************************************************
>> Linked Sat Apr 15 23:33:09 2017

OUTPUT FILE NAME:   <28335_FATFS.out>
ENTRY POINT SYMBOL: "_c_int00"  address: 0000b8ea


MEMORY CONFIGURATION

         name            origin    length      used     unused   attr    fill
----------------------  --------  ---------  --------  --------  ----  --------
PAGE 0:
  BEGIN                 00000000   00000002  00000002  00000000  RWIX
  RAMM0                 00000050   000003b0  00000000  000003b0  RWIX
  RAML0                 00008000   00004000  00003b36  000004ca  RWIX
  ZONE7A                00200000   0000fc00  00000000  0000fc00  RWIX
  CSM_RSVD              0033ff80   00000076  00000000  00000076  RWIX
  CSM_PWL               0033fff8   00000008  00000000  00000008  RWIX
  ADC_CAL               00380080   00000009  00000007  00000002  RWIX
  IQTABLES              003fe000   00000b50  00000000  00000b50  RWIX
  IQTABLES2             003feb50   0000008c  00000000  0000008c  RWIX
  FPUTABLES             003febdc   000006a0  00000000  000006a0  RWIX
  BOOTROM               003ff27c   00000d44  00000000  00000d44  RWIX
  RESET                 003fffc0   00000002  00000000  00000002  RWIX

PAGE 1:
  BOOT_RSVD             00000002   0000004e  00000000  0000004e  RWIX
  RAMM1                 00000400   00000400  00000300  00000100  RWIX
  DEV_EMU               00000880   00000180  000000d0  000000b0  RWIX
  FLASH_REGS            00000a80   00000060  00000008  00000058  RWIX
  CSM                   00000ae0   00000010  00000010  00000000  RWIX
  ADC_MIRROR            00000b00   00000010  00000010  00000000  RWIX
  XINTF                 00000b20   00000020  0000001e  00000002  RWIX
  CPU_TIMER0            00000c00   00000008  00000008  00000000  RWIX
  CPU_TIMER1            00000c08   00000008  00000008  00000000  RWIX
  CPU_TIMER2            00000c10   00000008  00000008  00000000  RWIX
  PIE_CTRL              00000ce0   00000020  0000001a  00000006  RWIX
  PIE_VECT              00000d00   00000100  00000100  00000000  RWIX
  DMA                   00001000   00000200  000000e0  00000120  RWIX
  MCBSPA                00005000   00000040  00000025  0000001b  RWIX
  MCBSPB                00005040   00000040  00000025  0000001b  RWIX
  ECANA                 00006000   00000040  00000034  0000000c  RWIX
  ECANA_LAM             00006040   00000040  00000040  00000000  RWIX
  ECANA_MOTS            00006080   00000040  00000040  00000000  RWIX
  ECANA_MOTO            000060c0   00000040  00000040  00000000  RWIX
  ECANA_MBOX            00006100   00000100  00000100  00000000  RWIX
  ECANB                 00006200   00000040  00000034  0000000c  RWIX
  ECANB_LAM             00006240   00000040  00000040  00000000  RWIX
  ECANB_MOTS            00006280   00000040  00000040  00000000  RWIX
  ECANB_MOTO            000062c0   00000040  00000040  00000000  RWIX
  ECANB_MBOX            00006300   00000100  00000100  00000000  RWIX
  EPWM1                 00006800   00000022  00000022  00000000  RWIX
  EPWM2                 00006840   00000022  00000022  00000000  RWIX
  EPWM3                 00006880   00000022  00000022  00000000  RWIX
  EPWM4                 000068c0   00000022  00000022  00000000  RWIX
  EPWM5                 00006900   00000022  00000022  00000000  RWIX
  EPWM6                 00006940   00000022  00000022  00000000  RWIX
  ECAP1                 00006a00   00000020  00000020  00000000  RWIX
  ECAP2                 00006a20   00000020  00000020  00000000  RWIX
  ECAP3                 00006a40   00000020  00000020  00000000  RWIX
  ECAP4                 00006a60   00000020  00000020  00000000  RWIX
  ECAP5                 00006a80   00000020  00000020  00000000  RWIX
  ECAP6                 00006aa0   00000020  00000020  00000000  RWIX
  EQEP1                 00006b00   00000040  00000040  00000000  RWIX
  EQEP2                 00006b40   00000040  00000040  00000000  RWIX
  GPIOCTRL              00006f80   00000040  0000002e  00000012  RWIX
  GPIODAT               00006fc0   00000020  00000020  00000000  RWIX
  GPIOINT               00006fe0   00000020  0000000a  00000016  RWIX
  SYSTEM                00007010   00000020  00000020  00000000  RWIX
  SPIA                  00007040   00000010  00000010  00000000  RWIX
  SCIA                  00007050   00000010  00000010  00000000  RWIX
  XINTRUPT              00007070   00000010  00000010  00000000  RWIX
  ADC                   00007100   00000020  0000001e  00000002  RWIX
  SCIB                  00007750   00000010  00000010  00000000  RWIX
  SCIC                  00007770   00000010  00000010  00000000  RWIX
  I2CA                  00007900   00000040  00000022  0000001e  RWIX
  RAML4                 0000c000   00004000  00001a06  000025fa  RWIX
  ZONE7B                0020fc00   00000400  00000000  00000400  RWIX
  CSM_PWL               0033fff8   00000008  00000008  00000000  RWIX
  PARTID                00380090   00000001  00000001  00000000  RWIX


SECTION ALLOCATION MAP

 output                                  attributes/
section   page    origin      length       input sections
--------  ----  ----------  ----------   ----------------
codestart 
*          0    00000000    00000002     
                  00000000    00000002     DSP2833x_CodeStartBranch.obj (codestart)

.text      0    00008000    00003ab5     
                  00008000    00002277     ff.obj (.text)
                  0000a277    0000062c     CAN_ISP.obj (.text)
                  0000a8a3    00000615     SD.obj (.text)
                  0000aeb8    0000037a     can_bootloader.obj (.text)
                  0000b232    0000026a     CAN.obj (.text)
                  0000b49c    0000018b     DSP2833x_DefaultIsr.obj (.text:retain)
                  0000b627    000000f6     DSP2833x_SysCtrl.obj (.text)
                  0000b71d    000000ee     CAN.obj (.text:retain)
                  0000b80b    00000085     main.obj (.text)
                  0000b890    0000005a     rts2800_ml.lib : fs_mpy28.obj (.text)
                  0000b8ea    00000054                    : boot28.obj (.text)
                  0000b93e    00000039     delay.obj (.text)
                  0000b977    00000029     diskio.obj (.text)
                  0000b9a0    00000029     rts2800_ml.lib : exit.obj (.text)
                  0000b9c9    00000029                    : fs_tol28.obj (.text)
                  0000b9f2    00000028     DSP2833x_PieCtrl.obj (.text)
                  0000ba1a    00000024     rts2800_ml.lib : cpy_tbl.obj (.text)
                  0000ba3e    00000022     DSP2833x_PieVect.obj (.text)
                  0000ba60    0000001d     rts2800_ml.lib : memcpy.obj (.text)
                  0000ba7d    00000019                    : args_main.obj (.text)
                  0000ba96    0000000b                    : u_div28.obj (.text)
                  0000baa1    00000009                    : _lock.obj (.text)
                  0000baaa    00000008     DSP2833x_CodeStartBranch.obj (.text)
                  0000bab2    00000002     rts2800_ml.lib : pre_init.obj (.text)
                  0000bab4    00000001                    : startup.obj (.text)

.cinit     0    0000bab5    0000007d     
                  0000bab5    00000028     CAN_ISP.obj (.cinit)
                  0000badd    0000001c     can_bootloader.obj (.cinit)
                  0000baf9    0000000f     CAN.obj (.cinit)
                  0000bb08    0000000e     rts2800_ml.lib : exit.obj (.cinit)
                  0000bb16    0000000c     SD.obj (.cinit)
                  0000bb22    00000005     rts2800_ml.lib : _lock.obj (.cinit:__lock)
                  0000bb27    00000005                    : _lock.obj (.cinit:__unlock)
                  0000bb2c    00000004     main.obj (.cinit)
                  0000bb30    00000002     --HOLE-- [fill = 0]

ramfuncs   0    0000bb32    00000004     
                  0000bb32    00000004     DSP2833x_usDelay.obj (ramfuncs)

.pinit     0    00008000    00000000     UNINITIALIZED

.adc_cal   0    00380080    00000007     NOLOAD SECTION
                  00380080    00000007     DSP2833x_ADC_cal.obj (.adc_cal)

.stack     1    00000400    00000300     UNINITIALIZED
                  00000400    00000300     --HOLE--

DevEmuRegsFile 
*          1    00000880    000000d0     UNINITIALIZED
                  00000880    000000d0     DSP2833x_GlobalVariableDefs.obj (DevEmuRegsFile)

FlashRegsFile 
*          1    00000a80    00000008     UNINITIALIZED
                  00000a80    00000008     DSP2833x_GlobalVariableDefs.obj (FlashRegsFile)

CsmRegsFile 
*          1    00000ae0    00000010     UNINITIALIZED
                  00000ae0    00000010     DSP2833x_GlobalVariableDefs.obj (CsmRegsFile)

AdcMirrorFile 
*          1    00000b00    00000010     UNINITIALIZED
                  00000b00    00000010     DSP2833x_GlobalVariableDefs.obj (AdcMirrorFile)

XintfRegsFile 
*          1    00000b20    0000001e     UNINITIALIZED
                  00000b20    0000001e     DSP2833x_GlobalVariableDefs.obj (XintfRegsFile)

CpuTimer0RegsFile 
*          1    00000c00    00000008     UNINITIALIZED
                  00000c00    00000008     DSP2833x_GlobalVariableDefs.obj (CpuTimer0RegsFile)

CpuTimer1RegsFile 
*          1    00000c08    00000008     UNINITIALIZED
                  00000c08    00000008     DSP2833x_GlobalVariableDefs.obj (CpuTimer1RegsFile)

CpuTimer2RegsFile 
*          1    00000c10    00000008     UNINITIALIZED
                  00000c10    00000008     DSP2833x_GlobalVariableDefs.obj (CpuTimer2RegsFile)

PieCtrlRegsFile 
*          1    00000ce0    0000001a     UNINITIALIZED
                  00000ce0    0000001a     DSP2833x_GlobalVariableDefs.obj (PieCtrlRegsFile)

PieVectTableFile 
*          1    00000d00    00000100     UNINITIALIZED
                  00000d00    00000100     DSP2833x_GlobalVariableDefs.obj (PieVectTableFile)

DmaRegsFile 
*          1    00001000    000000e0     UNINITIALIZED
                  00001000    000000e0     DSP2833x_GlobalVariableDefs.obj (DmaRegsFile)

McbspaRegsFile 
*          1    00005000    00000025     UNINITIALIZED
                  00005000    00000025     DSP2833x_GlobalVariableDefs.obj (McbspaRegsFile)

McbspbRegsFile 
*          1    00005040    00000025     UNINITIALIZED
                  00005040    00000025     DSP2833x_GlobalVariableDefs.obj (McbspbRegsFile)

ECanaRegsFile 
*          1    00006000    00000034     UNINITIALIZED
                  00006000    00000034     DSP2833x_GlobalVariableDefs.obj (ECanaRegsFile)

ECanaLAMRegsFile 
*          1    00006040    00000040     UNINITIALIZED
                  00006040    00000040     DSP2833x_GlobalVariableDefs.obj (ECanaLAMRegsFile)

ECanaMOTSRegsFile 
*          1    00006080    00000040     UNINITIALIZED
                  00006080    00000040     DSP2833x_GlobalVariableDefs.obj (ECanaMOTSRegsFile)

ECanaMOTORegsFile 
*          1    000060c0    00000040     UNINITIALIZED
                  000060c0    00000040     DSP2833x_GlobalVariableDefs.obj (ECanaMOTORegsFile)

ECanaMboxesFile 
*          1    00006100    00000100     UNINITIALIZED
                  00006100    00000100     DSP2833x_GlobalVariableDefs.obj (ECanaMboxesFile)

ECanbRegsFile 
*          1    00006200    00000034     UNINITIALIZED
                  00006200    00000034     DSP2833x_GlobalVariableDefs.obj (ECanbRegsFile)

ECanbLAMRegsFile 
*          1    00006240    00000040     UNINITIALIZED
                  00006240    00000040     DSP2833x_GlobalVariableDefs.obj (ECanbLAMRegsFile)

ECanbMOTSRegsFile 
*          1    00006280    00000040     UNINITIALIZED
                  00006280    00000040     DSP2833x_GlobalVariableDefs.obj (ECanbMOTSRegsFile)

ECanbMOTORegsFile 
*          1    000062c0    00000040     UNINITIALIZED
                  000062c0    00000040     DSP2833x_GlobalVariableDefs.obj (ECanbMOTORegsFile)

ECanbMboxesFile 
*          1    00006300    00000100     UNINITIALIZED
                  00006300    00000100     DSP2833x_GlobalVariableDefs.obj (ECanbMboxesFile)

EPwm1RegsFile 
*          1    00006800    00000022     UNINITIALIZED
                  00006800    00000022     DSP2833x_GlobalVariableDefs.obj (EPwm1RegsFile)

EPwm2RegsFile 
*          1    00006840    00000022     UNINITIALIZED
                  00006840    00000022     DSP2833x_GlobalVariableDefs.obj (EPwm2RegsFile)

EPwm3RegsFile 
*          1    00006880    00000022     UNINITIALIZED
                  00006880    00000022     DSP2833x_GlobalVariableDefs.obj (EPwm3RegsFile)

EPwm4RegsFile 
*          1    000068c0    00000022     UNINITIALIZED
                  000068c0    00000022     DSP2833x_GlobalVariableDefs.obj (EPwm4RegsFile)

EPwm5RegsFile 
*          1    00006900    00000022     UNINITIALIZED
                  00006900    00000022     DSP2833x_GlobalVariableDefs.obj (EPwm5RegsFile)

EPwm6RegsFile 
*          1    00006940    00000022     UNINITIALIZED
                  00006940    00000022     DSP2833x_GlobalVariableDefs.obj (EPwm6RegsFile)

ECap1RegsFile 
*          1    00006a00    00000020     UNINITIALIZED
                  00006a00    00000020     DSP2833x_GlobalVariableDefs.obj (ECap1RegsFile)

ECap2RegsFile 
*          1    00006a20    00000020     UNINITIALIZED
                  00006a20    00000020     DSP2833x_GlobalVariableDefs.obj (ECap2RegsFile)

ECap3RegsFile 
*          1    00006a40    00000020     UNINITIALIZED
                  00006a40    00000020     DSP2833x_GlobalVariableDefs.obj (ECap3RegsFile)

ECap4RegsFile 
*          1    00006a60    00000020     UNINITIALIZED
                  00006a60    00000020     DSP2833x_GlobalVariableDefs.obj (ECap4RegsFile)

ECap5RegsFile 
*          1    00006a80    00000020     UNINITIALIZED
                  00006a80    00000020     DSP2833x_GlobalVariableDefs.obj (ECap5RegsFile)

ECap6RegsFile 
*          1    00006aa0    00000020     UNINITIALIZED
                  00006aa0    00000020     DSP2833x_GlobalVariableDefs.obj (ECap6RegsFile)

EQep1RegsFile 
*          1    00006b00    00000040     UNINITIALIZED
                  00006b00    00000040     DSP2833x_GlobalVariableDefs.obj (EQep1RegsFile)

EQep2RegsFile 
*          1    00006b40    00000040     UNINITIALIZED
                  00006b40    00000040     DSP2833x_GlobalVariableDefs.obj (EQep2RegsFile)

GpioCtrlRegsFile 
*          1    00006f80    0000002e     UNINITIALIZED
                  00006f80    0000002e     DSP2833x_GlobalVariableDefs.obj (GpioCtrlRegsFile)

GpioDataRegsFile 
*          1    00006fc0    00000020     UNINITIALIZED
                  00006fc0    00000020     DSP2833x_GlobalVariableDefs.obj (GpioDataRegsFile)

GpioIntRegsFile 
*          1    00006fe0    0000000a     UNINITIALIZED
                  00006fe0    0000000a     DSP2833x_GlobalVariableDefs.obj (GpioIntRegsFile)

SysCtrlRegsFile 
*          1    00007010    00000020     UNINITIALIZED
                  00007010    00000020     DSP2833x_GlobalVariableDefs.obj (SysCtrlRegsFile)

SpiaRegsFile 
*          1    00007040    00000010     UNINITIALIZED
                  00007040    00000010     DSP2833x_GlobalVariableDefs.obj (SpiaRegsFile)

SciaRegsFile 
*          1    00007050    00000010     UNINITIALIZED
                  00007050    00000010     DSP2833x_GlobalVariableDefs.obj (SciaRegsFile)

XIntruptRegsFile 
*          1    00007070    00000010     UNINITIALIZED
                  00007070    00000010     DSP2833x_GlobalVariableDefs.obj (XIntruptRegsFile)

AdcRegsFile 
*          1    00007100    0000001e     UNINITIALIZED
                  00007100    0000001e     DSP2833x_GlobalVariableDefs.obj (AdcRegsFile)

ScibRegsFile 
*          1    00007750    00000010     UNINITIALIZED
                  00007750    00000010     DSP2833x_GlobalVariableDefs.obj (ScibRegsFile)

ScicRegsFile 
*          1    00007770    00000010     UNINITIALIZED
                  00007770    00000010     DSP2833x_GlobalVariableDefs.obj (ScicRegsFile)

I2caRegsFile 
*          1    00007900    00000022     UNINITIALIZED
                  00007900    00000022     DSP2833x_GlobalVariableDefs.obj (I2caRegsFile)

.ebss      1    0000c000    00001878     UNINITIALIZED
                  0000c000    00001040     W25Q64BV.obj (.ebss)
                  0000d040    0000051c     can_bootloader.obj (.ebss)
                  0000d55c    00000018     DSP2833x_CpuTimers.obj (.ebss)
                  0000d574    00000006     rts2800_ml.lib : exit.obj (.ebss)
                  0000d57a    00000004     ff.obj (.ebss)
                  0000d57e    00000002     rts2800_ml.lib : _lock.obj (.ebss:__lock)
                  0000d580    00000180     hex_to_bin.obj (.ebss)
                  0000d700    000000c2     CAN_ISP.obj (.ebss)
                  0000d7c2    0000002a     CAN.obj (.ebss)
                  0000d7ec    00000002     rts2800_ml.lib : _lock.obj (.ebss:__unlock)
                  0000d7ee    00000001     main.obj (.ebss)
                  0000d7ef    00000011     --HOLE--
                  0000d800    00000078     SD.obj (.ebss)

.econst    1    0000d878    0000018e     
                  0000d878    00000100     DSP2833x_PieVect.obj (.econst)
                  0000d978    00000044     ff.obj (.econst:.string)
                  0000d9bc    00000016     CAN_ISP.obj (.econst:.string)
                  0000d9d2    00000016     can_bootloader.obj (.econst:.string)
                  0000d9e8    00000010     ff.obj (.econst:.string:_badchr$1)
                  0000d9f8    00000007     ff.obj (.econst:_cst$2)
                  0000d9ff    00000007     ff.obj (.econst:_cst32$3)

.reset     0    003fffc0    00000002     DSECT
                  003fffc0    00000002     rts2800_ml.lib : boot28.obj (.reset)

csm_rsvd   0    0033ff80    00000000     DSECT

csmpasswds 
*          0    0033fff8    00000000     DSECT

CsmPwlFile 
*          1    0033fff8    00000008     UNINITIALIZED
                  0033fff8    00000008     DSP2833x_GlobalVariableDefs.obj (CsmPwlFile)

PartIdRegsFile 
*          1    00380090    00000001     UNINITIALIZED
                  00380090    00000001     DSP2833x_GlobalVariableDefs.obj (PartIdRegsFile)

MODULE SUMMARY

       Module                            code    initialized data   uninitialized data
       ------                            ----    ----------------   ------------------
    .\CAN_ISP\src\
       CAN_ISP.obj                       1580    62                 194               
    +--+---------------------------------+-------+------------------+--------------------+
       Total:                            1580    62                 194               
                                                                                      
    .\bsp\src\
       W25Q64BV.obj                      0       0                  4160              
       SD.obj                            1557    12                 120               
       CAN.obj                           856     15                 42                
    +--+---------------------------------+-------+------------------+--------------------+
       Total:                            2413    27                 4322              
                                                                                      
    .\can_bootloader\src\
       can_bootloader.obj                890     50                 1308              
    +--+---------------------------------+-------+------------------+--------------------+
       Total:                            890     50                 1308              
                                                                                      
    .\ff12b\src\
       ff.obj                            8823    98                 4                 
       diskio.obj                        41      0                  0                 
    +--+---------------------------------+-------+------------------+--------------------+
       Total:                            8864    98                 4                 
                                                                                      
    .\hex_to_bin\src\
       hex_to_bin.obj                    0       0                  384               
    +--+---------------------------------+-------+------------------+--------------------+
       Total:                            0       0                  384               
                                                                                      
    .\user\src\
       main.obj                          133     4                  1                 
    +--+---------------------------------+-------+------------------+--------------------+
       Total:                            133     4                  1                 
                                                                                      
    .\user_lib\asm\
       DSP2833x_CodeStartBranch.obj      10      0                  0                 
       DSP2833x_ADC_cal.obj              7       0                  0                 
       DSP2833x_usDelay.obj              4       0                  0                 
    +--+---------------------------------+-------+------------------+--------------------+
       Total:                            21      0                  0                 
                                                                                      
    .\user_lib\src\
       DSP2833x_GlobalVariableDefs.obj   0       0                  2679              
       DSP2833x_DefaultIsr.obj           395     0                  0                 
       DSP2833x_PieVect.obj              34      256                0                 
       DSP2833x_SysCtrl.obj              246     0                  0                 
       delay.obj                         57      0                  0                 
       DSP2833x_PieCtrl.obj              40      0                  0                 
       DSP2833x_CpuTimers.obj            0       0                  24                
    +--+---------------------------------+-------+------------------+--------------------+
       Total:                            772     256                2703              
                                                                                      
    D:\Program Files\TI\CCS710\ccsv7\tools\compiler\ti-cgt-c2000_16.9.1.LTS\lib\rts2800_ml.lib
       fs_mpy28.obj                      90      0                  0                 
       boot28.obj                        84      0                  0                 
       exit.obj                          41      14                 6                 
       fs_tol28.obj                      41      0                  0                 
       cpy_tbl.obj                       36      0                  0                 
       memcpy.obj                        29      0                  0                 
       args_main.obj                     25      0                  0                 
       _lock.obj                         9       10                 4                 
       u_div28.obj                       11      0                  0                 
       pre_init.obj                      2       0                  0                 
       startup.obj                       1       0                  0                 
    +--+---------------------------------+-------+------------------+--------------------+
       Total:                            369     24                 10                
                                                                                      
       Stack:                            0       0                  768               
    +--+---------------------------------+-------+------------------+--------------------+
       Grand Total:                      15042   521                9694              


GLOBAL DATA SYMBOLS: SORTED BY DATA PAGE

address     data page           name
--------    ----------------    ----
00000400      10 (00000400)     __stack

00000880      22 (00000880)     _DevEmuRegs

00000a80      2a (00000a80)     _FlashRegs

00000ae0      2b (00000ac0)     _CsmRegs

00000b00      2c (00000b00)     _AdcMirror
00000b20      2c (00000b00)     _XintfRegs

00000c00      30 (00000c00)     _CpuTimer0Regs
00000c08      30 (00000c00)     _CpuTimer1Regs
00000c10      30 (00000c00)     _CpuTimer2Regs

00000ce0      33 (00000cc0)     _PieCtrlRegs

00000d00      34 (00000d00)     _PieVectTable

00001000      40 (00001000)     _DmaRegs

00005000     140 (00005000)     _McbspaRegs

00005040     141 (00005040)     _McbspbRegs

00006000     180 (00006000)     _ECanaRegs

00006040     181 (00006040)     _ECanaLAMRegs

00006080     182 (00006080)     _ECanaMOTSRegs

000060c0     183 (000060c0)     _ECanaMOTORegs

00006100     184 (00006100)     _ECanaMboxes

00006200     188 (00006200)     _ECanbRegs

00006240     189 (00006240)     _ECanbLAMRegs

00006280     18a (00006280)     _ECanbMOTSRegs

000062c0     18b (000062c0)     _ECanbMOTORegs

00006300     18c (00006300)     _ECanbMboxes

00006800     1a0 (00006800)     _EPwm1Regs

00006840     1a1 (00006840)     _EPwm2Regs

00006880     1a2 (00006880)     _EPwm3Regs

000068c0     1a3 (000068c0)     _EPwm4Regs

00006900     1a4 (00006900)     _EPwm5Regs

00006940     1a5 (00006940)     _EPwm6Regs

00006a00     1a8 (00006a00)     _ECap1Regs
00006a20     1a8 (00006a00)     _ECap2Regs

00006a40     1a9 (00006a40)     _ECap3Regs
00006a60     1a9 (00006a40)     _ECap4Regs

00006a80     1aa (00006a80)     _ECap5Regs
00006aa0     1aa (00006a80)     _ECap6Regs

00006b00     1ac (00006b00)     _EQep1Regs

00006b40     1ad (00006b40)     _EQep2Regs

00006f80     1be (00006f80)     _GpioCtrlRegs

00006fc0     1bf (00006fc0)     _GpioDataRegs
00006fe0     1bf (00006fc0)     _GpioIntRegs

00007010     1c0 (00007000)     _SysCtrlRegs

00007040     1c1 (00007040)     _SpiaRegs
00007050     1c1 (00007040)     _SciaRegs
00007070     1c1 (00007040)     _XIntruptRegs

00007100     1c4 (00007100)     _AdcRegs

00007750     1dd (00007740)     _ScibRegs
00007770     1dd (00007740)     _ScicRegs

00007900     1e4 (00007900)     _I2caRegs

0000c000     300 (0000c000)     _W25Q64

0000d040     341 (0000d040)     _calc_temp
0000d041     341 (0000d040)     _read_cnt
0000d042     341 (0000d040)     _send_cnt
0000d043     341 (0000d040)     _crc_value
0000d044     341 (0000d040)     _file_size
0000d046     341 (0000d040)     _cmd_list
0000d04e     341 (0000d040)     _Bootloader_data

0000d080     342 (0000d080)     _read_temp

0000d100     344 (0000d100)     _fp

0000d340     34d (0000d340)     _fatfs

0000d55c     355 (0000d540)     _CpuTimer1
0000d564     355 (0000d540)     _CpuTimer2
0000d56c     355 (0000d540)     _CpuTimer0
0000d574     355 (0000d540)     ___TI_enable_exit_profile_output
0000d576     355 (0000d540)     ___TI_cleanup_ptr
0000d578     355 (0000d540)     ___TI_dtors_ptr
0000d57e     355 (0000d540)     __lock

0000d580     356 (0000d580)     _pack_info

0000d600     358 (0000d600)     _bin_buf

0000d680     35a (0000d680)     _read_buf

0000d700     35c (0000d700)     _app_start
0000d702     35c (0000d700)     _isp_cmd_list
0000d70d     35c (0000d700)     _isp_data
0000d718     35c (0000d700)     _canb_tx_msg

0000d740     35d (0000d740)     _canb_rx_msg

0000d780     35e (0000d780)     _file_temp

0000d7c2     35f (0000d7c0)     _can_tx_msg
0000d7d6     35f (0000d7c0)     _can_rx_msg
0000d7ec     35f (0000d7c0)     __unlock
0000d7ee     35f (0000d7c0)     _res

0000d800     360 (0000d800)     _high_capacity
0000d801     360 (0000d800)     _response
0000d802     360 (0000d800)     _data_manipulation
0000d803     360 (0000d800)     _crc_enabled
0000d804     360 (0000d800)     _ocr_contents
0000d809     360 (0000d800)     _cid_contents
0000d819     360 (0000d800)     _csd_contents

0000d840     361 (0000d840)     _cardinfo
0000d878     361 (0000d840)     _PieVectTableInit

0033fff8    cfff (0033ffc0)     _CsmPwl

00380090    e002 (00380080)     _PartIdRegs


GLOBAL SYMBOLS: SORTED ALPHABETICALLY BY Name 

page  address   name                            
----  -------   ----                            
0     00008000  .text                           
0     0000b9a0  C$$EXIT                         
0     0000b890  FS$$MPY                         
0     0000b9c9  FS$$TOL                         
0     0000ba96  U$$DIV                          
0     0000ba9b  U$$MOD                          
0     0000b50f  _ADCINT_ISR                     
0     00380080  _ADC_cal                        
1     00000b00  _AdcMirror                      
1     00007100  _AdcRegs                        
1     0000d04e  _Bootloader_data                
0     0000a28d  _CANB_Config                    
0     0000a277  _CANB_GPIO_Config               
0     0000a4f5  _CANB_Rx_Config                 
0     0000a441  _CANB_Rx_Msg                    
0     0000a4c0  _CANB_Rx_Msg_CLR                
0     0000a312  _CANB_Tx_Msg                    
0     0000a411  _CANB_Tx_Msg_CLR                
0     0000b2c7  _CAN_Config                     
0     0000b2b7  _CAN_GPIO_Config                
0     0000aedd  _CAN_IAP                        
0     0000a613  _CAN_ISP                        
0     0000b443  _CAN_Rx_Config                  
0     0000b48c  _CAN_Rx_IT_Concig               
0     0000b3c4  _CAN_Rx_Msg                     
0     0000b2ca  _CAN_Tx_Msg                     
0     0000aeb8  _CRCcalc16                      
1     0000d56c  _CpuTimer0                      
1     00000c00  _CpuTimer0Regs                  
1     0000d55c  _CpuTimer1                      
1     00000c08  _CpuTimer1Regs                  
1     0000d564  _CpuTimer2                      
1     00000c10  _CpuTimer2Regs                  
1     0033fff8  _CsmPwl                         
1     00000ae0  _CsmRegs                        
0     0000b6ec  _CsmUnlock                      
0     0000b4a6  _DATALOG_ISR                    
0     0000b5a0  _DINTCH1_ISR                    
0     0000b5a5  _DINTCH2_ISR                    
0     0000b5aa  _DINTCH3_ISR                    
0     0000b5af  _DINTCH4_ISR                    
0     0000b5b4  _DINTCH5_ISR                    
0     0000b5b9  _DINTCH6_ISR                    
0     0000bb32  _DSP28x_usDelay                 
1     00000880  _DevEmuRegs                     
0     0000b63a  _DisableDog                     
1     00001000  _DmaRegs                        
0     0000b5e6  _ECAN0INTA_ISR                  
0     0000b5f0  _ECAN0INTB_ISR                  
0     0000b5eb  _ECAN1INTA_ISR                  
0     0000b5f5  _ECAN1INTB_ISR                  
0     0000b55a  _ECAP1_INT_ISR                  
0     0000b55f  _ECAP2_INT_ISR                  
0     0000b564  _ECAP3_INT_ISR                  
0     0000b569  _ECAP4_INT_ISR                  
0     0000b56e  _ECAP5_INT_ISR                  
0     0000b573  _ECAP6_INT_ISR                  
1     00006040  _ECanaLAMRegs                   
1     000060c0  _ECanaMOTORegs                  
1     00006080  _ECanaMOTSRegs                  
1     00006100  _ECanaMboxes                    
1     00006000  _ECanaRegs                      
1     00006240  _ECanbLAMRegs                   
1     000062c0  _ECanbMOTORegs                  
1     00006280  _ECanbMOTSRegs                  
1     00006300  _ECanbMboxes                    
1     00006200  _ECanbRegs                      
1     00006a00  _ECap1Regs                      
1     00006a20  _ECap2Regs                      
1     00006a40  _ECap3Regs                      
1     00006a60  _ECap4Regs                      
1     00006a80  _ECap5Regs                      
1     00006aa0  _ECap6Regs                      
0     0000b4b0  _EMUINT_ISR                     
0     0000b53c  _EPWM1_INT_ISR                  
0     0000b51e  _EPWM1_TZINT_ISR                
0     0000b541  _EPWM2_INT_ISR                  
0     0000b523  _EPWM2_TZINT_ISR                
0     0000b546  _EPWM3_INT_ISR                  
0     0000b528  _EPWM3_TZINT_ISR                
0     0000b54b  _EPWM4_INT_ISR                  
0     0000b52d  _EPWM4_TZINT_ISR                
0     0000b550  _EPWM5_INT_ISR                  
0     0000b532  _EPWM5_TZINT_ISR                
0     0000b555  _EPWM6_INT_ISR                  
0     0000b537  _EPWM6_TZINT_ISR                
1     00006800  _EPwm1Regs                      
1     00006840  _EPwm2Regs                      
1     00006880  _EPwm3Regs                      
1     000068c0  _EPwm4Regs                      
1     00006900  _EPwm5Regs                      
1     00006940  _EPwm6Regs                      
0     0000b578  _EQEP1_INT_ISR                  
0     0000b57d  _EQEP2_INT_ISR                  
1     00006b00  _EQep1Regs                      
1     00006b40  _EQep2Regs                      
0     0000b71d  _Ecana_isr1                     
0     0000ba11  _EnableInterrupts               
1     00000a80  _FlashRegs                      
1     00006f80  _GpioCtrlRegs                   
1     00006fc0  _GpioDataRegs                   
1     00006fe0  _GpioIntRegs                    
0     0000b5be  _I2CINT1A_ISR                   
0     0000b5c3  _I2CINT2A_ISR                   
1     00007900  _I2caRegs                       
0     0000b4ba  _ILLEGAL_ISR                    
0     0000b49c  _INT13_ISR                      
0     0000b4a1  _INT14_ISR                      
0     0000b693  _InitPeripheralClocks           
0     0000b9f2  _InitPieCtrl                    
0     0000ba3e  _InitPieVectTable               
0     0000b642  _InitPll                        
0     0000b627  _InitSysCtrl                    
0     0000b618  _LUF_ISR                        
0     0000b613  _LVF_ISR                        
0     0000b596  _MRINTA_ISR                     
0     0000b58c  _MRINTB_ISR                     
0     0000b59b  _MXINTA_ISR                     
0     0000b591  _MXINTB_ISR                     
1     00005000  _McbspaRegs                     
1     00005040  _McbspbRegs                     
0     0000b4b5  _NMI_ISR                        
0     0000b61d  _PIE_RESERVED                   
1     00380090  _PartIdRegs                     
1     00000ce0  _PieCtrlRegs                    
1     00000d00  _PieVectTable                   
1     0000d878  _PieVectTableInit               
0     0000b4ab  _RTOSINT_ISR                    
0     0000b5d2  _SCIRXINTA_ISR                  
0     0000b5dc  _SCIRXINTB_ISR                  
0     0000b5c8  _SCIRXINTC_ISR                  
0     0000b5d7  _SCITXINTA_ISR                  
0     0000b5e1  _SCITXINTB_ISR                  
0     0000b5cd  _SCITXINTC_ISR                  
0     0000a8a3  _SD_Init                        
0     0000b4fb  _SEQ1INT_ISR                    
0     0000b500  _SEQ2INT_ISR                    
0     0000b582  _SPIRXINTA_ISR                  
0     0000b587  _SPITXINTA_ISR                  
0     0000a8b9  _SPI_DISABLE                    
0     0000a8b4  _SPI_ENABLE                     
1     00007050  _SciaRegs                       
1     00007750  _ScibRegs                       
1     00007770  _ScicRegs                       
0     0000b630  _ServiceDog                     
1     00007040  _SpiaRegs                       
1     00007010  _SysCtrlRegs                    
0     0000b514  _TINT0_ISR                      
0     0000b4ec  _USER10_ISR                     
0     0000b4f1  _USER11_ISR                     
0     0000b4f6  _USER12_ISR                     
0     0000b4bf  _USER1_ISR                      
0     0000b4c4  _USER2_ISR                      
0     0000b4c9  _USER3_ISR                      
0     0000b4ce  _USER4_ISR                      
0     0000b4d3  _USER5_ISR                      
0     0000b4d8  _USER6_ISR                      
0     0000b4dd  _USER7_ISR                      
0     0000b4e2  _USER8_ISR                      
0     0000b4e7  _USER9_ISR                      
1     0000c000  _W25Q64                         
0     0000b519  _WAKEINT_ISR                    
0     0000b505  _XINT1_ISR                      
0     0000b50a  _XINT2_ISR                      
0     0000b5fa  _XINT3_ISR                      
0     0000b5ff  _XINT4_ISR                      
0     0000b604  _XINT5_ISR                      
0     0000b609  _XINT6_ISR                      
0     0000b60e  _XINT7_ISR                      
1     00007070  _XIntruptRegs                   
1     00000b20  _XintfRegs                      
1     00000700  __STACK_END                     
abs   00000300  __STACK_SIZE                    
1     0000d576  ___TI_cleanup_ptr               
1     0000d578  ___TI_dtors_ptr                 
1     0000d574  ___TI_enable_exit_profile_output
abs   ffffffff  ___TI_pprof_out_hndl            
abs   ffffffff  ___TI_prof_data_size            
abs   ffffffff  ___TI_prof_data_start           
abs   ffffffff  ___binit__                      
abs   ffffffff  ___c_args__                     
0     0000bab5  ___cinit__                      
0     0000bab5  ___etext__                      
abs   ffffffff  ___pinit__                      
0     00008000  ___text__                       
0     0000ba7d  __args_main                     
1     0000d57e  __lock                          
0     0000baa9  __nop                           
0     0000baa5  __register_lock                 
0     0000baa1  __register_unlock               
1     00000400  __stack                         
0     0000bab4  __system_post_cinit             
0     0000bab2  __system_pre_init               
1     0000d7ec  __unlock                        
0     0000b9a0  _abort                          
1     0000d700  _app_start                      
1     0000d600  _bin_buf                        
0     0000b8ea  _c_int00                        
1     0000d040  _calc_temp                      
1     0000d7d6  _can_rx_msg                     
1     0000d7c2  _can_tx_msg                     
1     0000d740  _canb_rx_msg                    
1     0000d718  _canb_tx_msg                    
1     0000d840  _cardinfo                       
1     0000d809  _cid_contents                   
1     0000d046  _cmd_list                       
0     0000ba1a  _copy_in                        
1     0000d803  _crc_enabled                    
1     0000d043  _crc_value                      
1     0000d819  _csd_contents                   
1     0000d802  _data_manipulation              
0     0000b96c  _delay                          
0     0000b94c  _delay_ms                       
0     0000b95c  _delay_s                        
0     0000b93e  _delay_us                       
0     0000b97c  _disk_initialize                
0     0000b997  _disk_ioctl                     
0     0000b981  _disk_read                      
0     0000b977  _disk_status                    
0     0000b98c  _disk_write                     
0     0000b9a2  _exit                           
0     000090bc  _f_chdir                        
0     00009822  _f_chmod                        
0     000090a6  _f_close                        
0     0000943c  _f_closedir                     
0     00009a04  _f_expand                       
0     00009497  _f_findfirst                    
0     00009478  _f_findnext                     
0     00009adf  _f_forward                      
0     000090f3  _f_getcwd                       
0     000094d5  _f_getfree                      
0     00009895  _f_getlabel                     
0     00009fb8  _f_gets                         
0     0000919b  _f_lseek                        
0     00009688  _f_mkdir                        
0     00009be2  _f_mkfs                         
0     00008bd7  _f_mount                        
0     00008c14  _f_open                         
0     000093f2  _f_opendir                      
0     0000a07a  _f_printf                       
0     0000a04a  _f_putc                         
0     0000a060  _f_puts                         
0     00008d68  _f_read                         
0     0000944c  _f_readdir                      
0     0000976b  _f_rename                       
0     00009905  _f_setlabel                     
0     000094ad  _f_stat                         
0     0000903a  _f_sync                         
0     0000957c  _f_truncate                     
0     0000960d  _f_unlink                       
0     0000985f  _f_utime                        
0     00008eb1  _f_write                        
1     0000d340  _fatfs                          
1     0000d044  _file_size                      
1     0000d780  _file_temp                      
1     0000d100  _fp                             
0     0000b99e  _get_fattime                    
1     0000d800  _high_capacity                  
1     0000d702  _isp_cmd_list                   
1     0000d70d  _isp_data                       
0     0000b80b  _main                           
0     0000ba60  _memcpy                         
1     0000d804  _ocr_contents                   
1     0000d580  _pack_info                      
1     0000d680  _read_buf                       
1     0000d041  _read_cnt                       
1     0000d080  _read_temp                      
1     0000d7ee  _res                            
1     0000d801  _response                       
0     0000b622  _rsvd_ISR                       
0     0000a8f4  _sd_card_insertion              
0     0000aaf0  _sd_cid_csd_response            
0     0000ad2a  _sd_command_response            
0     0000acf9  _sd_crc7                        
0     0000aa55  _sd_data_response               
0     0000ad51  _sd_error                       
0     0000a907  _sd_initialization              
0     0000aad7  _sd_ocr_response                
0     0000ad59  _sd_read_block                  
0     0000ad85  _sd_read_multiple_block         
0     0000aaac  _sd_read_register               
0     0000ac7b  _sd_send_status                 
0     0000a963  _sd_version1_initialization     
0     0000a9cd  _sd_version2_initialization     
0     0000add0  _sd_write_block                 
0     0000ae4b  _sd_write_data                  
0     0000ae03  _sd_write_multiple_block        
1     0000d042  _send_cnt                       
0     0000a8be  _spi_initialization             
0     0000aca7  _spi_xmit_byte                  
0     0000acb5  _spi_xmit_command               
abs   ffffffff  binit                           
0     0000bab5  cinit                           
0     00000000  code_start                      
0     0000bab5  etext                           
abs   ffffffff  pinit                           


GLOBAL SYMBOLS: SORTED BY Symbol Address 

page  address   name                            
----  -------   ----                            
0     00000000  code_start                      
0     00008000  .text                           
0     00008000  ___text__                       
0     00008bd7  _f_mount                        
0     00008c14  _f_open                         
0     00008d68  _f_read                         
0     00008eb1  _f_write                        
0     0000903a  _f_sync                         
0     000090a6  _f_close                        
0     000090bc  _f_chdir                        
0     000090f3  _f_getcwd                       
0     0000919b  _f_lseek                        
0     000093f2  _f_opendir                      
0     0000943c  _f_closedir                     
0     0000944c  _f_readdir                      
0     00009478  _f_findnext                     
0     00009497  _f_findfirst                    
0     000094ad  _f_stat                         
0     000094d5  _f_getfree                      
0     0000957c  _f_truncate                     
0     0000960d  _f_unlink                       
0     00009688  _f_mkdir                        
0     0000976b  _f_rename                       
0     00009822  _f_chmod                        
0     0000985f  _f_utime                        
0     00009895  _f_getlabel                     
0     00009905  _f_setlabel                     
0     00009a04  _f_expand                       
0     00009adf  _f_forward                      
0     00009be2  _f_mkfs                         
0     00009fb8  _f_gets                         
0     0000a04a  _f_putc                         
0     0000a060  _f_puts                         
0     0000a07a  _f_printf                       
0     0000a277  _CANB_GPIO_Config               
0     0000a28d  _CANB_Config                    
0     0000a312  _CANB_Tx_Msg                    
0     0000a411  _CANB_Tx_Msg_CLR                
0     0000a441  _CANB_Rx_Msg                    
0     0000a4c0  _CANB_Rx_Msg_CLR                
0     0000a4f5  _CANB_Rx_Config                 
0     0000a613  _CAN_ISP                        
0     0000a8a3  _SD_Init                        
0     0000a8b4  _SPI_ENABLE                     
0     0000a8b9  _SPI_DISABLE                    
0     0000a8be  _spi_initialization             
0     0000a8f4  _sd_card_insertion              
0     0000a907  _sd_initialization              
0     0000a963  _sd_version1_initialization     
0     0000a9cd  _sd_version2_initialization     
0     0000aa55  _sd_data_response               
0     0000aaac  _sd_read_register               
0     0000aad7  _sd_ocr_response                
0     0000aaf0  _sd_cid_csd_response            
0     0000ac7b  _sd_send_status                 
0     0000aca7  _spi_xmit_byte                  
0     0000acb5  _spi_xmit_command               
0     0000acf9  _sd_crc7                        
0     0000ad2a  _sd_command_response            
0     0000ad51  _sd_error                       
0     0000ad59  _sd_read_block                  
0     0000ad85  _sd_read_multiple_block         
0     0000add0  _sd_write_block                 
0     0000ae03  _sd_write_multiple_block        
0     0000ae4b  _sd_write_data                  
0     0000aeb8  _CRCcalc16                      
0     0000aedd  _CAN_IAP                        
0     0000b2b7  _CAN_GPIO_Config                
0     0000b2c7  _CAN_Config                     
0     0000b2ca  _CAN_Tx_Msg                     
0     0000b3c4  _CAN_Rx_Msg                     
0     0000b443  _CAN_Rx_Config                  
0     0000b48c  _CAN_Rx_IT_Concig               
0     0000b49c  _INT13_ISR                      
0     0000b4a1  _INT14_ISR                      
0     0000b4a6  _DATALOG_ISR                    
0     0000b4ab  _RTOSINT_ISR                    
0     0000b4b0  _EMUINT_ISR                     
0     0000b4b5  _NMI_ISR                        
0     0000b4ba  _ILLEGAL_ISR                    
0     0000b4bf  _USER1_ISR                      
0     0000b4c4  _USER2_ISR                      
0     0000b4c9  _USER3_ISR                      
0     0000b4ce  _USER4_ISR                      
0     0000b4d3  _USER5_ISR                      
0     0000b4d8  _USER6_ISR                      
0     0000b4dd  _USER7_ISR                      
0     0000b4e2  _USER8_ISR                      
0     0000b4e7  _USER9_ISR                      
0     0000b4ec  _USER10_ISR                     
0     0000b4f1  _USER11_ISR                     
0     0000b4f6  _USER12_ISR                     
0     0000b4fb  _SEQ1INT_ISR                    
0     0000b500  _SEQ2INT_ISR                    
0     0000b505  _XINT1_ISR                      
0     0000b50a  _XINT2_ISR                      
0     0000b50f  _ADCINT_ISR                     
0     0000b514  _TINT0_ISR                      
0     0000b519  _WAKEINT_ISR                    
0     0000b51e  _EPWM1_TZINT_ISR                
0     0000b523  _EPWM2_TZINT_ISR                
0     0000b528  _EPWM3_TZINT_ISR                
0     0000b52d  _EPWM4_TZINT_ISR                
0     0000b532  _EPWM5_TZINT_ISR                
0     0000b537  _EPWM6_TZINT_ISR                
0     0000b53c  _EPWM1_INT_ISR                  
0     0000b541  _EPWM2_INT_ISR                  
0     0000b546  _EPWM3_INT_ISR                  
0     0000b54b  _EPWM4_INT_ISR                  
0     0000b550  _EPWM5_INT_ISR                  
0     0000b555  _EPWM6_INT_ISR                  
0     0000b55a  _ECAP1_INT_ISR                  
0     0000b55f  _ECAP2_INT_ISR                  
0     0000b564  _ECAP3_INT_ISR                  
0     0000b569  _ECAP4_INT_ISR                  
0     0000b56e  _ECAP5_INT_ISR                  
0     0000b573  _ECAP6_INT_ISR                  
0     0000b578  _EQEP1_INT_ISR                  
0     0000b57d  _EQEP2_INT_ISR                  
0     0000b582  _SPIRXINTA_ISR                  
0     0000b587  _SPITXINTA_ISR                  
0     0000b58c  _MRINTB_ISR                     
0     0000b591  _MXINTB_ISR                     
0     0000b596  _MRINTA_ISR                     
0     0000b59b  _MXINTA_ISR                     
0     0000b5a0  _DINTCH1_ISR                    
0     0000b5a5  _DINTCH2_ISR                    
0     0000b5aa  _DINTCH3_ISR                    
0     0000b5af  _DINTCH4_ISR                    
0     0000b5b4  _DINTCH5_ISR                    
0     0000b5b9  _DINTCH6_ISR                    
0     0000b5be  _I2CINT1A_ISR                   
0     0000b5c3  _I2CINT2A_ISR                   
0     0000b5c8  _SCIRXINTC_ISR                  
0     0000b5cd  _SCITXINTC_ISR                  
0     0000b5d2  _SCIRXINTA_ISR                  
0     0000b5d7  _SCITXINTA_ISR                  
0     0000b5dc  _SCIRXINTB_ISR                  
0     0000b5e1  _SCITXINTB_ISR                  
0     0000b5e6  _ECAN0INTA_ISR                  
0     0000b5eb  _ECAN1INTA_ISR                  
0     0000b5f0  _ECAN0INTB_ISR                  
0     0000b5f5  _ECAN1INTB_ISR                  
0     0000b5fa  _XINT3_ISR                      
0     0000b5ff  _XINT4_ISR                      
0     0000b604  _XINT5_ISR                      
0     0000b609  _XINT6_ISR                      
0     0000b60e  _XINT7_ISR                      
0     0000b613  _LVF_ISR                        
0     0000b618  _LUF_ISR                        
0     0000b61d  _PIE_RESERVED                   
0     0000b622  _rsvd_ISR                       
0     0000b627  _InitSysCtrl                    
0     0000b630  _ServiceDog                     
0     0000b63a  _DisableDog                     
0     0000b642  _InitPll                        
0     0000b693  _InitPeripheralClocks           
0     0000b6ec  _CsmUnlock                      
0     0000b71d  _Ecana_isr1                     
0     0000b80b  _main                           
0     0000b890  FS$$MPY                         
0     0000b8ea  _c_int00                        
0     0000b93e  _delay_us                       
0     0000b94c  _delay_ms                       
0     0000b95c  _delay_s                        
0     0000b96c  _delay                          
0     0000b977  _disk_status                    
0     0000b97c  _disk_initialize                
0     0000b981  _disk_read                      
0     0000b98c  _disk_write                     
0     0000b997  _disk_ioctl                     
0     0000b99e  _get_fattime                    
0     0000b9a0  C$$EXIT                         
0     0000b9a0  _abort                          
0     0000b9a2  _exit                           
0     0000b9c9  FS$$TOL                         
0     0000b9f2  _InitPieCtrl                    
0     0000ba11  _EnableInterrupts               
0     0000ba1a  _copy_in                        
0     0000ba3e  _InitPieVectTable               
0     0000ba60  _memcpy                         
0     0000ba7d  __args_main                     
0     0000ba96  U$$DIV                          
0     0000ba9b  U$$MOD                          
0     0000baa1  __register_unlock               
0     0000baa5  __register_lock                 
0     0000baa9  __nop                           
0     0000bab2  __system_pre_init               
0     0000bab4  __system_post_cinit             
0     0000bab5  ___cinit__                      
0     0000bab5  ___etext__                      
0     0000bab5  cinit                           
0     0000bab5  etext                           
0     0000bb32  _DSP28x_usDelay                 
0     00380080  _ADC_cal                        
1     00000400  __stack                         
1     00000700  __STACK_END                     
1     00000880  _DevEmuRegs                     
1     00000a80  _FlashRegs                      
1     00000ae0  _CsmRegs                        
1     00000b00  _AdcMirror                      
1     00000b20  _XintfRegs                      
1     00000c00  _CpuTimer0Regs                  
1     00000c08  _CpuTimer1Regs                  
1     00000c10  _CpuTimer2Regs                  
1     00000ce0  _PieCtrlRegs                    
1     00000d00  _PieVectTable                   
1     00001000  _DmaRegs                        
1     00005000  _McbspaRegs                     
1     00005040  _McbspbRegs                     
1     00006000  _ECanaRegs                      
1     00006040  _ECanaLAMRegs                   
1     00006080  _ECanaMOTSRegs                  
1     000060c0  _ECanaMOTORegs                  
1     00006100  _ECanaMboxes                    
1     00006200  _ECanbRegs                      
1     00006240  _ECanbLAMRegs                   
1     00006280  _ECanbMOTSRegs                  
1     000062c0  _ECanbMOTORegs                  
1     00006300  _ECanbMboxes                    
1     00006800  _EPwm1Regs                      
1     00006840  _EPwm2Regs                      
1     00006880  _EPwm3Regs                      
1     000068c0  _EPwm4Regs                      
1     00006900  _EPwm5Regs                      
1     00006940  _EPwm6Regs                      
1     00006a00  _ECap1Regs                      
1     00006a20  _ECap2Regs                      
1     00006a40  _ECap3Regs                      
1     00006a60  _ECap4Regs                      
1     00006a80  _ECap5Regs                      
1     00006aa0  _ECap6Regs                      
1     00006b00  _EQep1Regs                      
1     00006b40  _EQep2Regs                      
1     00006f80  _GpioCtrlRegs                   
1     00006fc0  _GpioDataRegs                   
1     00006fe0  _GpioIntRegs                    
1     00007010  _SysCtrlRegs                    
1     00007040  _SpiaRegs                       
1     00007050  _SciaRegs                       
1     00007070  _XIntruptRegs                   
1     00007100  _AdcRegs                        
1     00007750  _ScibRegs                       
1     00007770  _ScicRegs                       
1     00007900  _I2caRegs                       
1     0000c000  _W25Q64                         
1     0000d040  _calc_temp                      
1     0000d041  _read_cnt                       
1     0000d042  _send_cnt                       
1     0000d043  _crc_value                      
1     0000d044  _file_size                      
1     0000d046  _cmd_list                       
1     0000d04e  _Bootloader_data                
1     0000d080  _read_temp                      
1     0000d100  _fp                             
1     0000d340  _fatfs                          
1     0000d55c  _CpuTimer1                      
1     0000d564  _CpuTimer2                      
1     0000d56c  _CpuTimer0                      
1     0000d574  ___TI_enable_exit_profile_output
1     0000d576  ___TI_cleanup_ptr               
1     0000d578  ___TI_dtors_ptr                 
1     0000d57e  __lock                          
1     0000d580  _pack_info                      
1     0000d600  _bin_buf                        
1     0000d680  _read_buf                       
1     0000d700  _app_start                      
1     0000d702  _isp_cmd_list                   
1     0000d70d  _isp_data                       
1     0000d718  _canb_tx_msg                    
1     0000d740  _canb_rx_msg                    
1     0000d780  _file_temp                      
1     0000d7c2  _can_tx_msg                     
1     0000d7d6  _can_rx_msg                     
1     0000d7ec  __unlock                        
1     0000d7ee  _res                            
1     0000d800  _high_capacity                  
1     0000d801  _response                       
1     0000d802  _data_manipulation              
1     0000d803  _crc_enabled                    
1     0000d804  _ocr_contents                   
1     0000d809  _cid_contents                   
1     0000d819  _csd_contents                   
1     0000d840  _cardinfo                       
1     0000d878  _PieVectTableInit               
1     0033fff8  _CsmPwl                         
1     00380090  _PartIdRegs                     
abs   00000300  __STACK_SIZE                    
abs   ffffffff  ___TI_pprof_out_hndl            
abs   ffffffff  ___TI_prof_data_size            
abs   ffffffff  ___TI_prof_data_start           
abs   ffffffff  ___binit__                      
abs   ffffffff  ___c_args__                     
abs   ffffffff  ___pinit__                      
abs   ffffffff  binit                           
abs   ffffffff  pinit                           

[296 symbols]
